I'm sorry, but errors were detected in your script. Please correct the
errors listed below, and try again.


File "game/script.rpy", line 31: python block expects a non-empty block.
    init 2 python:
                  ^

Ren'Py Version: Ren'Py 8.1.3.23091805
Mon Jan 29 04:36:47 2024
